[    0s] Memory limit set to 8200126KB
[    0s] Using BUILD_ROOT=/root/build-bench-workspace/starter-kit/runs/demo/.internal/build-tmp/build-case-root-efy96fwh
[    0s] Using BUILD_RPMS=/root/build-bench-workspace/starter-kit/runs/demo/.internal/case-original/dependencies/rpms
[    0s] Using BUILD_ARCH=x86_64:i686:i586:i486:i386
[    0s] Doing docker build
[    0s] 
[    0s] 
[    0s] 9f0c31a2dfa0 started "build buildbench-hello.spec" at Mon Sep 21 23:27:14 UTC 2026.
[    0s] 
[    0s] 
[    0s] processing recipe /root/build-bench-workspace/starter-kit/runs/demo/.internal/build-tmp/build-case-work-47bu0cb5/input/buildbench-hello.spec ...
[    0s] init_buildsystem --configdir /usr/lib/build/configs --cachedir /var/cache/build --prepare --clean /root/build-bench-workspace/starter-kit/runs/demo/.internal/build-tmp/build-case-work-47bu0cb5/input/buildbench-hello.spec ...
[    0s] initializing /root/build-bench-workspace/starter-kit/runs/demo/.internal/build-tmp/build-case-root-efy96fwh/.srcfiles.cache ...
[    0s] /usr/lib/build/createdirdeps --oldfile /root/build-bench-workspace/starter-kit/runs/demo/.internal/build-tmp/build-case-root-efy96fwh/.srcfiles.cache /root/build-bench-workspace/starter-kit/runs/demo/.internal/case-original/dependencies/rpms
[    1s] expanding package dependencies...
[    1s] [1/34] preinstalling filesystem...
[    1s] [2/34] preinstalling permissions...
[    1s] [3/34] preinstalling glibc...
[    1s] [4/34] preinstalling diffutils...
[    1s] [5/34] preinstalling fillup...
[    1s] [6/34] preinstalling libacl1...
[    1s] [7/34] preinstalling libattr1...
[    1s] [8/34] preinstalling libbz2-1...
[    1s] [9/34] preinstalling libcap2...
[    1s] [10/34] preinstalling libeconf0...
[    1s] [11/34] preinstalling libgcc_s1...
[    1s] [12/34] preinstalling libgpg-error0...
[    1s] [13/34] preinstalling libjitterentropy3...
[    1s] [14/34] preinstalling liblua5_4-5...
[    1s] [15/34] preinstalling liblzma5...
[    1s] [16/34] preinstalling libncurses6...
[    2s] [17/34] preinstalling libpcre2-8-0...
[    2s] [18/34] preinstalling libpopt0...
[    2s] [19/34] preinstalling libz1...
[    2s] [20/34] preinstalling libzstd1...
[    2s] [21/34] preinstalling attr...
[    2s] [22/34] preinstalling libreadline8...
[    2s] [23/34] preinstalling libselinux1...
[    2s] [24/34] preinstalling libelf1...
[    2s] [25/34] preinstalling libgcrypt20...
[    2s] [26/34] preinstalling bash...
[    2s] [27/34] preinstalling sed...
[    2s] [28/34] preinstalling tar...
[    2s] [29/34] preinstalling bash-sh...
[    2s] [30/34] preinstalling grep...
[    2s] [31/34] preinstalling pam...
[    2s] [32/34] preinstalling coreutils...
[    2s] [33/34] preinstalling aaa_base...
[    2s] [34/34] preinstalling rpm...
[    2s] 
[    2s] [1/9] preinstalling kernel-obs-build...
[    2s] [2/9] preinstalling libblkid1...
[    2s] [3/9] preinstalling libcrypt1...
[    2s] [4/9] preinstalling libdb-4_8...
[    2s] [5/9] preinstalling libsmartcols1...
[    2s] [6/9] preinstalling libuuid1...
[    2s] [7/9] preinstalling libmount1...
[    2s] [8/9] preinstalling perl-base...
[    2s] [9/9] preinstalling util-linux...
[    2s] copying packages...
[    2s] reordering...cycle: binutils -> libctf0
[    2s]   breaking dependency libctf0 -> binutils
[    2s] cycle: rpm-config-SUSE -> rpm
[    2s]   breaking dependency rpm-config-SUSE -> rpm
[    2s] done
[    3s] booting docker...
[    3s] 2nd stage started in virtual machine
[    3s] machine type: x86_64
[    3s] Linux version: 6.8.0-101-generic #101-Ubuntu SMP PREEMPT_DYNAMIC Mon Feb  9 10:15:05 UTC 2026
[    3s] Time: Mon Sep 21 23:27:17 UTC 2026
[    3s] processing recipe //.build-srcdir/buildbench-hello.spec ...
[    3s] init_buildsystem --configdir /.build/configs --cachedir /var/cache/build //.build-srcdir/buildbench-hello.spec ...
[    3s] initializing rpm db...
[    3s] querying package ids...
[    3s] [1/129] cumulate compat-usrmerge-tools-84.87-160000.2.2
[    3s] [2/129] cumulate crypto-policies-20250714.cd6043a-160000.2.1
[    3s] [3/129] cumulate file-magic-5.46-160000.2.2
[    3s] [4/129] cumulate kernel-obs-build-6.12.0-160000.36.1
[    3s] [5/129] cumulate pkgconf-m4-2.2.0-160000.2.2
[    3s] [6/129] cumulate system-user-root-20190513-160000.2.2
[    3s] [7/129] cumulate terminfo-base-6.5.20250531-160000.3.1
[    3s] [8/129] cumulate filesystem-84.87-160000.2.2
[    3s] [9/129] cumulate glibc-2.40-160000.6.1
[    3s] [10/129] cumulate diffutils-3.12-160000.2.2
[    3s] [11/129] cumulate envsubst-mini-0.22.5-160000.2.2
[    3s] [12/129] cumulate fillup-1.42-160000.2.2
[    3s] [13/129] cumulate glibc-gconv-modules-extra-2.40-160000.6.1
[    3s] [14/129] cumulate glibc-locale-base-2.40-160000.6.1
[    3s] [15/129] cumulate libacl1-2.3.2-160000.2.2
[    3s] [16/129] cumulate libatomic1-15.3.0+git11272-160000.1.1
[    3s] [17/129] cumulate libattr1-2.5.2-160000.2.2
[    3s] [18/129] cumulate libaudit1-4.0-160000.2.2
[    3s] [19/129] cumulate libbz2-1-1.0.8-160000.2.2
[    3s] [20/129] cumulate libcap-ng0-0.8.5-160000.3.2
[    3s] [21/129] cumulate libcap2-2.73-160000.3.1
[    3s] [22/129] cumulate libcrypt1-4.4.38-160000.3.2
[    3s] [23/129] cumulate libeconf0-0.7.9-160000.2.2
[    3s] [24/129] cumulate libgcc_s1-15.3.0+git11272-160000.1.1
[    3s] [25/129] cumulate libgdbm6-1.24-160000.2.2
[    3s] [26/129] cumulate libgmp10-6.3.0-160000.2.2
[    3s] [27/129] cumulate libgomp1-15.3.0+git11272-160000.1.1
[    3s] [28/129] cumulate libgpg-error0-1.58-160000.1.1
[    3s] [29/129] cumulate libitm1-15.3.0+git11272-160000.1.1
[    3s] [30/129] cumulate libjitterentropy3-3.6.3-160000.2.2
[    3s] [31/129] cumulate liblua5_4-5-5.4.7-160000.2.2
[    3s] [32/129] cumulate liblz1-1.15-160000.2.2
[    3s] [33/129] cumulate liblz4-1-1.10.0-160000.3.1
[    3s] [34/129] cumulate liblzma5-5.8.1-160000.3.1
[    3s] [35/129] cumulate libpcre2-8-0-10.45-160000.3.1
[    3s] [36/129] cumulate libpkgconf5-2.2.0-160000.2.2
[    3s] [37/129] cumulate libpopt0-1.19-160000.2.2
[    3s] [38/129] cumulate libseccomp2-2.6.0-160000.2.2
[    3s] [39/129] cumulate libsframe2-2.45-160000.3.1
[    3s] [40/129] cumulate libsmartcols1-2.41.1-160000.4.1
[    3s] [41/129] cumulate libuuid1-2.41.1-160000.4.1
[    3s] [42/129] cumulate libz1-1.2.13-160000.3.1
[    3s] [43/129] cumulate libzstd1-1.5.7-160000.2.2
[    3s] [44/129] cumulate patch-2.7.6-160000.4.1
[    3s] [45/129] cumulate update-alternatives-1.22.21-160000.3.1
[    3s] [46/129] cumulate which-2.23-160000.2.2
[    3s] [47/129] cumulate libncurses6-6.5.20250531-160000.3.1
[    3s] [48/129] cumulate attr-2.5.2-160000.2.2
[    3s] [49/129] cumulate libblkid1-2.41.1-160000.4.1
[    3s] [50/129] cumulate libctf-nobfd0-2.45-160000.3.1
[    3s] [51/129] cumulate libgdbm_compat4-1.24-160000.2.2
[    3s] [52/129] cumulate libisl23-0.26-160000.2.2
[    3s] [53/129] cumulate libmpfr6-4.2.1-160000.2.2
[    3s] [54/129] cumulate libreadline8-8.2.13-160000.2.2
[    3s] [55/129] cumulate libselinux1-3.8.1-160000.4.1
[    3s] [56/129] cumulate libstdc++6-15.3.0+git11272-160000.1.1
[    3s] [57/129] cumulate ncurses-utils-6.5.20250531-160000.3.1
[    3s] [58/129] cumulate perl-base-5.42.0-160000.2.2
[    3s] [59/129] cumulate pkgconf-2.2.0-160000.2.2
[    3s] [60/129] cumulate libelf1-0.192-160000.3.1
[    3s] [61/129] cumulate libgcrypt20-1.12.1-160000.3.1
[    3s] [62/129] cumulate libxml2-2-2.13.8-160000.5.1
[    3s] [63/129] cumulate permctl-1699_20250120-160000.2.2
[    3s] [64/129] cumulate libmagic1-5.46-160000.2.2
[    3s] [65/129] cumulate build-mkbaselibs-20260415-160000.1.1
[    3s] [66/129] cumulate bash-5.2.37-160000.2.2
[    3s] [67/129] cumulate dwz-0.15-160000.2.2
[    3s] [68/129] cumulate findutils-4.10.0-160000.2.2
[    3s] [69/129] cumulate file-5.46-160000.2.2
[    3s] [70/129] cumulate libasan8-15.3.0+git11272-160000.1.1
[    3s] [71/129] cumulate libdb-4_8-4.8.30-160000.3.1
[    3s] [72/129] cumulate libfdisk1-2.41.1-160000.4.1
[    3s] [73/129] cumulate libhwasan0-15.3.0+git11272-160000.1.1
[    3s] [74/129] cumulate liblsan0-15.3.0+git11272-160000.1.1
[    3s] [75/129] cumulate libmount1-2.41.1-160000.4.1
[    3s] [76/129] cumulate libmpc3-1.3.1-160000.3.2
[    3s] [77/129] cumulate libtsan2-15.3.0+git11272-160000.1.1
[    3s] [78/129] cumulate libubsan1-15.3.0+git11272-160000.1.1
[    3s] [79/129] cumulate sed-4.9-160000.3.1
[    3s] [80/129] cumulate tar-1.35-160000.4.1
[    3s] [81/129] cumulate libdw1-0.192-160000.3.1
[    3s] [82/129] cumulate perl-5.42.0-160000.2.2
[    3s] [83/129] cumulate bash-sh-5.2.37-160000.2.2
[    3s] [84/129] cumulate brp-check-suse-84.87+git20230324.8680ce4-160000.2.2
[    3s] [85/129] cumulate perl-rpm-packaging-1.2-160000.2.2
[    3s] [86/129] cumulate libasm1-0.192-160000.3.1
[    3s] [87/129] cumulate cpp13-13.4.0+git9739-160000.2.2
[    3s] [88/129] cumulate cpio-2.15-160000.2.2
[    3s] [89/129] cumulate cpp-build-13-160000.2.2
[    3s] [90/129] cumulate gzip-1.13-160000.3.1
[    3s] [91/129] cumulate make-4.4.1-160000.3.2
[    3s] [92/129] cumulate bzip2-1.0.8-160000.2.2
[    3s] [93/129] cumulate grep-3.11-160000.2.2
[    3s] [94/129] cumulate pkgconf-pkg-config-2.2.0-160000.2.2
[    3s] [95/129] cumulate xz-5.8.1-160000.3.1
[    3s] [96/129] cumulate gettext-runtime-mini-0.22.5-160000.2.2
[    3s] [97/129] cumulate gawk-5.3.2-160000.3.1
[    3s] [98/129] cumulate lua54-5.4.7-160000.2.2
[    3s] [99/129] cumulate coreutils-9.6-160000.2.2
[    3s] [100/129] cumulate elfutils-0.192-160000.3.1
[    3s] [101/129] cumulate compat-usrmerge-build-84.87-160000.2.2
[    3s] [102/129] cumulate systemd-rpm-macros-26-160000.2.2
[    3s] [103/129] cumulate libxcrypt-devel-4.4.38-160000.3.2
[    3s] [104/129] cumulate linux-glibc-devel-6.12-160000.3.1
[    3s] [105/129] cumulate libopenssl3-3.5.0-160000.8.1
[    3s] [106/129] cumulate permissions-config-1699_20250120-160000.2.2
[    3s] [107/129] cumulate polkit-default-privs-1550+20260709.b1b58aa-160000.1.1
[    3s] [108/129] cumulate gettext-tools-mini-0.22.5-160000.2.2
[    3s] [109/129] cumulate aaa_base-84.87+git20260610.3b5a868c-160000.1.1
[    3s] [110/129] cumulate aaa_base-malloccheck-84.87+git20260610.3b5a868c-160000.1.1
[    3s] [111/129] cumulate permissions-1699_20250120-160000.2.2
[    3s] [112/129] cumulate glibc-devel-2.40-160000.6.1
[    3s] [113/129] cumulate rpmlint-mini-2.7.0+git20260415.44ca4797-160000.2.3
[    3s] [114/129] cumulate libarchive13-3.8.1-160000.3.1
[    3s] [115/129] cumulate pam-1.7.1-160000.5.1
[    3s] [116/129] cumulate post-build-checks-84.87+git20250725.0c3a172-160000.1.2
[    3s] [117/129] cumulate util-linux-2.41.1-160000.4.1
[    3s] [118/129] cumulate rpm-config-SUSE-20250328-160000.2.2
[    3s] [119/129] cumulate libctf0-2.45-160000.3.1
[    3s] [120/129] cumulate binutils-2.45-160000.3.1
[    3s] [121/129] cumulate rpm-4.20.1-160000.2.2
[    3s] [122/129] cumulate build-compare-20240801T083050.024a3a7-160000.2.2
[    3s] [123/129] cumulate librpmbuild10-4.20.1-160000.2.2
[    3s] [124/129] cumulate debugedit-5.0-160000.2.2
[    3s] [125/129] cumulate gcc13-13.4.0+git9739-160000.2.2
[    3s] [126/129] cumulate gcc13-PIE-13.4.0+git9739-160000.2.2
[    3s] [127/129] cumulate gcc-build-13-160000.2.2
[    3s] [128/129] cumulate gcc-build-PIE-13-160000.2.2
[    3s] [129/129] cumulate rpm-build-4.20.1-160000.2.2
[    3s] now installing cumulated packages
[    3s] Preparing...                          ########################################
[    3s] Updating / installing...
[    3s] system-user-root-20190513-160000.2.2  ########################################
[    3s] terminfo-base-6.5.20250531-160000.3.1 ########################################
[    3s] pkgconf-m4-2.2.0-160000.2.2           ########################################
[    3s] file-magic-5.46-160000.2.2            ########################################
[    4s] crypto-policies-20250714.cd6043a-16000########################################
[    4s] compat-usrmerge-tools-84.87-160000.2.2########################################
[    4s] filesystem-84.87-160000.2.2           ########################################
[    4s] glibc-2.40-160000.6.1                 ########################################
[    4s] libz1-1.2.13-160000.3.1               ########################################
[    4s] libgcc_s1-15.3.0+git11272-160000.1.1  ########################################
[    4s] libstdc++6-15.3.0+git11272-160000.1.1 ########################################
[    4s] libzstd1-1.5.7-160000.2.2             ########################################
[    4s] libelf1-0.192-160000.3.1              ########################################
[    4s] libgmp10-6.3.0-160000.2.2             ########################################
[    4s] libacl1-2.3.2-160000.2.2              ########################################
[    4s] libbz2-1-1.0.8-160000.2.2             ########################################
[    4s] liblzma5-5.8.1-160000.3.1             ########################################
[    4s] libcrypt1-4.4.38-160000.3.2           ########################################
[    4s] perl-base-5.42.0-160000.2.2           ########################################
[    4s] libdw1-0.192-160000.3.1               ########################################
[    4s] libmpfr6-4.2.1-160000.2.2             ########################################
[    4s] fillup-1.42-160000.2.2                ########################################
[    4s] libcap2-2.73-160000.3.1               ########################################
[    4s] libeconf0-0.7.9-160000.2.2            ########################################
[    4s] libblkid1-2.41.1-160000.4.1           ########################################
[    4s] libgomp1-15.3.0+git11272-160000.1.1   ########################################
[    4s] liblua5_4-5-5.4.7-160000.2.2          ########################################
[    4s] libpopt0-1.19-160000.2.2              ########################################
[    4s] libncurses6-6.5.20250531-160000.3.1   ########################################
[    4s] libreadline8-8.2.13-160000.2.2        ########################################
[    4s] bash-5.2.37-160000.2.2                ########################################
[    4s] bash-sh-5.2.37-160000.2.2             ########################################
[    4s] xz-5.8.1-160000.3.1                   ########################################
[    4s] gawk-5.3.2-160000.3.1                 ########################################
[    4s] cpio-2.15-160000.2.2                  ########################################
[    4s] permctl-1699_20250120-160000.2.2      ########################################
[    4s] libmpc3-1.3.1-160000.3.2              ########################################
[    4s] libisl23-0.26-160000.2.2              ########################################
[    4s] cpp13-13.4.0+git9739-160000.2.2       ########################################
[    4s] dwz-0.15-160000.2.2                   ########################################
[    4s] diffutils-3.12-160000.2.2             ########################################
[    4s] libattr1-2.5.2-160000.2.2             ########################################
[    4s] libaudit1-4.0-160000.2.2              ########################################
[    4s] libgdbm6-1.24-160000.2.2              ########################################
[    4s] libjitterentropy3-3.6.3-160000.2.2    ########################################
[    4s] libpcre2-8-0-10.45-160000.3.1         ########################################
[    4s] libselinux1-3.8.1-160000.4.1          ########################################
[    4s] coreutils-9.6-160000.2.2              ########################################
[    4s] sed-4.9-160000.3.1                    ########################################
[    4s] grep-3.11-160000.2.2                  ########################################
[    4s] findutils-4.10.0-160000.2.2           ########################################
[    4s] libuuid1-2.41.1-160000.4.1            ########################################
[    4s] update-alternatives-1.22.21-160000.3.1########################################
[    4s] lua54-5.4.7-160000.2.2                ########################################
[    4s] update-alternatives: using /usr/bin/lua5.4 to provide /usr/bin/lua (lua) in auto mode
[    4s] libfdisk1-2.41.1-160000.4.1           ########################################
[    4s] systemd-rpm-macros-26-160000.2.2      ########################################
[    4s] linux-glibc-devel-6.12-160000.3.1     ########################################
[    4s] libopenssl3-3.5.0-160000.8.1          ########################################
[    4s] permissions-config-1699_20250120-16000########################################
[    4s] Updating /etc/sysconfig/security ...
[    4s] Checking permissions and ownerships - using the permissions files
[    4s] 	/usr/share/permissions/permissions
[    4s] 	/usr/share/permissions/permissions.easy
[    4s] 	/etc/permissions.local
[    4s] /usr/sbin/unix_chkpwd: setting to root:shadow 4755 (wrong owner/group root:root)
[    4s] permissions-1699_20250120-160000.2.2  ########################################
[    4s] pam-1.7.1-160000.5.1                  ########################################
[    4s] polkit-default-privs-1550+20260709.b1b########################################
[    4s] Updating /etc/sysconfig/security ...
[    4s] can't open /etc/polkit-1/rules.d/90-default-privs.rules.new: No such file or directory
[    4s] warning: %post(polkit-default-privs-1550+20260709.b1b58aa-160000.1.1.noarch) scriptlet failed, exit status 2
[    4s] libmount1-2.41.1-160000.4.1           ########################################
[    4s] tar-1.35-160000.4.1                   ########################################
[    4s] libgdbm_compat4-1.24-160000.2.2       ########################################
[    5s] perl-5.42.0-160000.2.2                ########################################
[    5s] perl-rpm-packaging-1.2-160000.2.2     ########################################
[    5s] cpp-build-13-160000.2.2               ########################################
[    5s] gzip-1.13-160000.3.1                  ########################################
[    5s] make-4.4.1-160000.3.2                 ########################################
[    5s] bzip2-1.0.8-160000.2.2                ########################################
[    5s] ncurses-utils-6.5.20250531-160000.3.1 ########################################
[    5s] aaa_base-84.87+git20260610.3b5a868c-16########################################
[    5s] Updating /etc/sysconfig/proxy ...
[    5s] aaa_base-malloccheck-84.87+git20260610########################################
[    5s] libasm1-0.192-160000.3.1              ########################################
[    5s] elfutils-0.192-160000.3.1             ########################################
[    5s] libxml2-2-2.13.8-160000.5.1           ########################################
[    5s] libasan8-15.3.0+git11272-160000.1.1   ########################################
[    5s] libhwasan0-15.3.0+git11272-160000.1.1 ########################################
[    5s] liblsan0-15.3.0+git11272-160000.1.1   ########################################
[    5s] libtsan2-15.3.0+git11272-160000.1.1   ########################################
[    5s] libubsan1-15.3.0+git11272-160000.1.1  ########################################
[    5s] libctf-nobfd0-2.45-160000.3.1         ########################################
[    5s] envsubst-mini-0.22.5-160000.2.2       ########################################
[    5s] gettext-runtime-mini-0.22.5-160000.2.2########################################
[    5s] glibc-gconv-modules-extra-2.40-160000.########################################
[    5s] gettext-tools-mini-0.22.5-160000.2.2  ########################################
[    5s] glibc-locale-base-2.40-160000.6.1     ########################################
[    5s] libatomic1-15.3.0+git11272-160000.1.1 ########################################
[    5s] libcap-ng0-0.8.5-160000.3.2           ########################################
[    5s] libgpg-error0-1.58-160000.1.1         ########################################
[    5s] libgcrypt20-1.12.1-160000.3.1         ########################################
[    5s] rpm-config-SUSE-20250328-160000.2.2   ########################################
[    5s] rpm-4.20.1-160000.2.2                 ########################################
[    5s] Updating /etc/sysconfig/services ...
[    5s] libitm1-15.3.0+git11272-160000.1.1    ########################################
[    5s] liblz1-1.15-160000.2.2                ########################################
[    5s] libmagic1-5.46-160000.2.2             ########################################
[    5s] librpmbuild10-4.20.1-160000.2.2       ########################################
[    5s] liblz4-1-1.10.0-160000.3.1            ########################################
[    5s] libarchive13-3.8.1-160000.3.1         ########################################
[    5s] libpkgconf5-2.2.0-160000.2.2          ########################################
[    5s] pkgconf-2.2.0-160000.2.2              ########################################
[    5s] pkgconf-pkg-config-2.2.0-160000.2.2   ########################################
[    5s] libxcrypt-devel-4.4.38-160000.3.2     ########################################
[    5s] glibc-devel-2.40-160000.6.1           ########################################
[    5s] libseccomp2-2.6.0-160000.2.2          ########################################
[    5s] file-5.46-160000.2.2                  ########################################
[    5s] libsframe2-2.45-160000.3.1            ########################################
[    5s] libctf0-2.45-160000.3.1               ########################################
[    5s] binutils-2.45-160000.3.1              ########################################
[    5s] update-alternatives: using /usr/bin/ld.bfd to provide /usr/bin/ld (ld) in auto mode
[    6s] gcc13-13.4.0+git9739-160000.2.2       ########################################
[    6s] gcc13-PIE-13.4.0+git9739-160000.2.2   ########################################
[    6s] gcc-build-13-160000.2.2               ########################################
[    6s] debugedit-5.0-160000.2.2              ########################################
[    6s] libsmartcols1-2.41.1-160000.4.1       ########################################
[    6s] util-linux-2.41.1-160000.4.1          ########################################
[    6s] patch-2.7.6-160000.4.1                ########################################
[    6s] which-2.23-160000.2.2                 ########################################
[    6s] rpm-build-4.20.1-160000.2.2           ########################################
[    6s] gcc-build-PIE-13-160000.2.2           ########################################
[    6s] build-compare-20240801T083050.024a3a7-########################################
[    6s] post-build-checks-84.87+git20250725.0c########################################
[    6s] brp-check-suse-84.87+git20230324.8680c########################################
[    6s] rpmlint-mini-2.7.0+git20260415.44ca479########################################
[    6s] compat-usrmerge-build-84.87-160000.2.2########################################
[    6s] attr-2.5.2-160000.2.2                 ########################################
[    6s] build-mkbaselibs-20260415-160000.1.1  ########################################
[    6s] libdb-4_8-4.8.30-160000.3.1           ########################################
[    6s] kernel-obs-build-6.12.0-160000.36.1   ########################################
[    6s] now finalizing build dir...
[    6s] ... running 01-add_abuild_user_to_trusted_group
[    6s] ... running 02-set_timezone_to_utc
[    6s] ... running 03-set-permissions-secure
[    6s] ... running 11-hack_uname_version_to_kernel_version
[    7s] WARNING could not set SOURCE_DATE_EPOCH, ensure mtime is in $TOPDIR/SOURCES/_scmsync.obsinfo or BUILD_CHANGELOG_TIMESTAMP is set in /.buildenv
[    7s] WARNING could not set SOURCE_DATE_EPOCH, ensure BUILD_RELEASE is set in /.buildenv
[    8s] -----------------------------------------------------------------
[    8s] ----- building buildbench-hello.spec (user abuild)
[    8s] -----------------------------------------------------------------
[    8s] -----------------------------------------------------------------
[    8s] WARNING could not set SOURCE_DATE_EPOCH, ensure mtime is in $TOPDIR/SOURCES/_scmsync.obsinfo or BUILD_CHANGELOG_TIMESTAMP is set in /.buildenv
[    8s] WARNING could not set SOURCE_DATE_EPOCH, ensure BUILD_RELEASE is set in /.buildenv
[    8s] + exec rpmbuild -ba --define '_srcdefattr (-,root,root)' --nosignature --undefine _enable_debug_packages /home/abuild/rpmbuild/SOURCES/buildbench-hello.spec
[    8s] Building target platforms: noarch
[    8s] Building for target noarch
[    8s] Executing(%mkbuilddir): /usr/bin/bash -e /var/tmp/rpm-tmp.sGIP1D
[    8s] Executing(%prep): /usr/bin/bash -e /var/tmp/rpm-tmp.1SuJ8u
[    8s] + umask 022
[    8s] + cd /home/abuild/rpmbuild/BUILD/buildbench-hello-1.0-build
[    8s] + RPM_EC=0
[    8s] ++ jobs -p
[    8s] + exit 0
[    8s] Executing(%build): /usr/bin/bash -e /var/tmp/rpm-tmp.8syCtv
[    8s] + umask 022
[    8s] + cd /home/abuild/rpmbuild/BUILD/buildbench-hello-1.0-build
[    8s] + /usr/bin/rm -rf /home/abuild/rpmbuild/BUILD/buildbench-hello-1.0-build/BUILDROOT
[    8s] ++ dirname /home/abuild/rpmbuild/BUILD/buildbench-hello-1.0-build/BUILDROOT
[    8s] + /usr/bin/mkdir -p /home/abuild/rpmbuild/BUILD/buildbench-hello-1.0-build
[    8s] + /usr/bin/mkdir /home/abuild/rpmbuild/BUILD/buildbench-hello-1.0-build/BUILDROOT
[    8s] + echo 'Build-Bench Example Agent repaired the package'
[    8s] + RPM_EC=0
[    8s] Build-Bench Example Agent repaired the package
[    8s] ++ jobs -p
[    8s] + exit 0
[    8s] Executing(%install): /usr/bin/bash -e /var/tmp/rpm-tmp.hVNken
[    8s] + umask 022
[    8s] + cd /home/abuild/rpmbuild/BUILD/buildbench-hello-1.0-build
[    8s] + /usr/bin/rm -rf /home/abuild/rpmbuild/BUILD/buildbench-hello-1.0-build/BUILDROOT
[    8s] + /usr/bin/mkdir -p /home/abuild/rpmbuild/BUILD/buildbench-hello-1.0-build
[    8s] + /usr/bin/mkdir /home/abuild/rpmbuild/BUILD/buildbench-hello-1.0-build/BUILDROOT
[    8s] + mkdir -p /home/abuild/rpmbuild/BUILD/buildbench-hello-1.0-build/BUILDROOT/usr/share/buildbench-hello
[    8s] + echo 'Hello from Build-Bench'
[    8s] + /usr/lib/rpm/brp-compress
[    8s] + /usr/lib/rpm/brp-suse
[    8s] calling /usr/lib/rpm/brp-suse.d/brp-05-permissions
[    8s] calling /usr/lib/rpm/brp-suse.d/brp-15-strip-debug
[    8s] calling /usr/lib/rpm/brp-suse.d/brp-25-symlink
[    8s] calling /usr/lib/rpm/brp-suse.d/brp-50-generate-fips-hmac
[    8s] calling /usr/lib/rpm/brp-suse.d/brp-75-ar
[    8s] SOURCE_DATE_EPOCH is not set: skipping ar normalization
[    8s] Processing files: buildbench-hello-1.0-1.noarch
[    8s] Provides: buildbench-hello = 1.0-1
[    8s] Requires(rpmlib): rpmlib(CompressedFileNames) <= 3.0.4-1 rpmlib(FileDigests) <= 4.6.0-1 rpmlib(PayloadFilesHavePrefix) <= 4.0-1
[    8s] Checking for unpackaged file(s): /usr/lib/rpm/check-files /home/abuild/rpmbuild/BUILD/buildbench-hello-1.0-build/BUILDROOT
[    8s] Wrote: /home/abuild/rpmbuild/SRPMS/buildbench-hello-1.0-1.src.rpm
[    8s] Wrote: /home/abuild/rpmbuild/RPMS/noarch/buildbench-hello-1.0-1.noarch.rpm
[    8s] Executing(rmbuild): /usr/bin/bash -e /var/tmp/rpm-tmp.2eMmKj
[    8s] + umask 022
[    8s] + cd /home/abuild/rpmbuild/BUILD/buildbench-hello-1.0-build
[    8s] + test -d /home/abuild/rpmbuild/BUILD/buildbench-hello-1.0-build
[    8s] + /usr/bin/chmod -Rf a+rX,u+w,g-w,o-w /home/abuild/rpmbuild/BUILD/buildbench-hello-1.0-build
[    8s] + rm -rf /home/abuild/rpmbuild/BUILD/buildbench-hello-1.0-build
[    8s] + RPM_EC=0
[    8s] ++ jobs -p
[    8s] + exit 0
[    8s] ... checking for files with abuild user/group
[    8s] ... running 00-check-install-rpms
[    8s] ... installing all built rpms
[    8s] Verifying packages...
[    8s] Preparing packages...
[    8s] buildbench-hello-1.0-1.noarch
[    8s] ... running 50-check-binary-kernel-log
[    8s] ... running 50-check-core-files
[    8s] ... running 50-check-debuginfo
[    8s] ... testing for empty debuginfo packages
[    8s] ... running 50-check-filelist
[    8s] ... checking filelist
[    8s] ... running 50-check-gconf-scriptlets
[    8s] ... testing GConf scriptlet presence
[    8s] ... running 50-check-installtest
[    8s] ... testing for pre/postinstall scripts that are not idempotent
[    8s] ... running 50-check-invalid-provides
[    8s] ... running 50-check-invalid-requires
[    8s] ... running 50-check-kernel-build-id
[    8s] ... running 50-check-lanana
[    8s] ... running 50-check-libtool-deps
[    8s] ... testing devel dependencies required by libtool .la files
[    8s]     (can be skipped by "skip-check-libtool-deps" anywhere in spec)
[    8s] ... running 50-check-packaged-twice
[    8s] ... running 50-check-permissions
[    8s] ... testing for modified permissions
[    8s] ... running 98-revert-uname-hack
[    8s] ... running 99-check-remove-rpms
[    8s] ... removing all built rpms
[    8s]     (order: reverse buildbench-hello)
[    8s] 
[    8s] RPMLINT report:
[    8s] ===============
[    9s] ============================ rpmlint session starts ============================
[    9s] rpmlint: 2.7.0
[    9s] configuration:
[    9s]     /opt/testing/lib64/python3.13/rpmlint/configdefaults.toml
[    9s]     /opt/testing/share/rpmlint/cron-whitelist.toml
[    9s]     /opt/testing/share/rpmlint/dbus-services.toml
[    9s]     /opt/testing/share/rpmlint/device-files-whitelist.toml
[    9s]     /opt/testing/share/rpmlint/licenses.toml
[    9s]     /opt/testing/share/rpmlint/opensuse.toml
[    9s]     /opt/testing/share/rpmlint/pam-modules.toml
[    9s]     /opt/testing/share/rpmlint/permissions-whitelist.toml
[    9s]     /opt/testing/share/rpmlint/pie-executables.toml
[    9s]     /opt/testing/share/rpmlint/polkit-rules-whitelist.toml
[    9s]     /opt/testing/share/rpmlint/scoring.toml
[    9s]     /opt/testing/share/rpmlint/security.toml
[    9s]     /opt/testing/share/rpmlint/sudoers-whitelist.toml
[    9s]     /opt/testing/share/rpmlint/sysctl-whitelist.toml
[    9s]     /opt/testing/share/rpmlint/systemd-tmpfiles.toml
[    9s]     /opt/testing/share/rpmlint/users-groups.toml
[    9s]     /opt/testing/share/rpmlint/world-writable-whitelist.toml
[    9s]     /opt/testing/share/rpmlint/zypper-plugins.toml
[    9s] checks: 41, packages: 2
[    9s] 
[    9s] buildbench-hello.noarch: W: no-url-tag
[    9s] buildbench-hello.src: W: no-url-tag
[    9s] The URL tag is missing.
[    9s] 
[    9s] buildbench-hello.noarch: E: no-changelogname-tag
[    9s] buildbench-hello.src: E: no-changelogname-tag
[    9s] There is no changelog. Please insert a '%changelog' section heading in your
[    9s] spec file and prepare your changes file using e.g. the 'osc vc' command.
[    9s] 
[    9s] buildbench-hello.spec: W: no-%check-section
[    9s] The spec file does not contain an %check section. Please check if the package
[    9s] has a testsuite and what it takes to enable the testsuite as part of the
[    9s] package build. If it is not possible to run it in the build environment
[    9s] (OBS/koji) or no testsuite exists, then please ignore this warning. You should
[    9s] not insert an empty %check section.
[    9s] 
[    9s] Check time report (>1% & >0.1s):
[    9s]     Check                            Duration (in s)   Fraction (in %)  Checked files
[    9s]     TOTAL                                        0.0             100.0               
[    9s] 
[    9s]  2 packages and 0 specfiles checked; 2 errors, 3 warnings, 8 filtered, 2 badness; has taken 0.0 s 
[    9s] 
[    9s] ... running 01-delete-x86_64-subarches
[    9s] 
[    9s] 9f0c31a2dfa0 finished "build buildbench-hello.spec" at Mon Sep 21 23:27:23 UTC 2026.
[    9s] 
[build-case] [event] {"event":"stage","stage":"completed","state":"completed"}
